src/services/submission.service.ts(60,22): error TS18048: 'submittedSubmission' is possibly 'undefined'.
src/services/submission.service.ts(61,8): error TS18048: 'submittedSubmission' is possibly 'undefined'.
src/services/submission.service.ts(61,39): error TS18048: 'submittedSubmission' is possibly 'undefined'.
